Archive member included to satisfy reference by file (symbol)

c:/mingw/gcc-arm-none-eabi-10.3-2021.10/bin/../lib/gcc/arm-none-eabi/10.3.1/../../../../arm-none-eabi/lib/thumb/v7-m/nofp\libg.a(lib_a-errno.o)
                              CMakeFiles/Mysound.elf.dir/Core/Src/syscalls.c.obj (__errno)
c:/mingw/gcc-arm-none-eabi-10.3-2021.10/bin/../lib/gcc/arm-none-eabi/10.3.1/../../../../arm-none-eabi/lib/thumb/v7-m/nofp\libg.a(lib_a-exit.o)
                              c:/mingw/gcc-arm-none-eabi-10.3-2021.10/bin/../lib/gcc/arm-none-eabi/10.3.1/../../../../arm-none-eabi/lib/thumb/v7-m/nofp/crt0.o (exit)
c:/mingw/gcc-arm-none-eabi-10.3-2021.10/bin/../lib/gcc/arm-none-eabi/10.3.1/../../../../arm-none-eabi/lib/thumb/v7-m/nofp\libg.a(lib_a-impure.o)
                              c:/mingw/gcc-arm-none-eabi-10.3-2021.10/bin/../lib/gcc/arm-none-eabi/10.3.1/../../../../arm-none-eabi/lib/thumb/v7-m/nofp\libg.a(lib_a-exit.o) (_global_impure_ptr)
c:/mingw/gcc-arm-none-eabi-10.3-2021.10/bin/../lib/gcc/arm-none-eabi/10.3.1/../../../../arm-none-eabi/lib/thumb/v7-m/nofp\libg.a(lib_a-init.o)
                              c:/mingw/gcc-arm-none-eabi-10.3-2021.10/bin/../lib/gcc/arm-none-eabi/10.3.1/../../../../arm-none-eabi/lib/thumb/v7-m/nofp/crt0.o (__libc_init_array)
c:/mingw/gcc-arm-none-eabi-10.3-2021.10/bin/../lib/gcc/arm-none-eabi/10.3.1/../../../../arm-none-eabi/lib/thumb/v7-m/nofp\libg.a(lib_a-memset.o)
                              c:/mingw/gcc-arm-none-eabi-10.3-2021.10/bin/../lib/gcc/arm-none-eabi/10.3.1/../../../../arm-none-eabi/lib/thumb/v7-m/nofp/crt0.o (memset)
c:/mingw/gcc-arm-none-eabi-10.3-2021.10/bin/../lib/gcc/arm-none-eabi/10.3.1/../../../../arm-none-eabi/lib/thumb/v7-m/nofp\libg.a(lib_a-strlen-stub.o)
                              CMakeFiles/Mysound.elf.dir/Core/Src/JQ8X00.c.obj (strlen)
c:/mingw/gcc-arm-none-eabi-10.3-2021.10/bin/../lib/gcc/arm-none-eabi/10.3.1/../../../../arm-none-eabi/lib/thumb/v7-m/nofp\libg.a(lib_a-__call_atexit.o)
                              c:/mingw/gcc-arm-none-eabi-10.3-2021.10/bin/../lib/gcc/arm-none-eabi/10.3.1/../../../../arm-none-eabi/lib/thumb/v7-m/nofp\libg.a(lib_a-exit.o) (__call_exitprocs)
c:/mingw/gcc-arm-none-eabi-10.3-2021.10/bin/../lib/gcc/arm-none-eabi/10.3.1/../../../../arm-none-eabi/lib/thumb/v7-m/nofp\libg.a(lib_a-atexit.o)
                              c:/mingw/gcc-arm-none-eabi-10.3-2021.10/bin/../lib/gcc/arm-none-eabi/10.3.1/../../../../arm-none-eabi/lib/thumb/v7-m/nofp\libg.a(lib_a-__call_atexit.o) (atexit)
c:/mingw/gcc-arm-none-eabi-10.3-2021.10/bin/../lib/gcc/arm-none-eabi/10.3.1/../../../../arm-none-eabi/lib/thumb/v7-m/nofp\libg.a(lib_a-fini.o)
                              c:/mingw/gcc-arm-none-eabi-10.3-2021.10/bin/../lib/gcc/arm-none-eabi/10.3.1/../../../../arm-none-eabi/lib/thumb/v7-m/nofp\libg.a(lib_a-__call_atexit.o) (__libc_fini_array)
c:/mingw/gcc-arm-none-eabi-10.3-2021.10/bin/../lib/gcc/arm-none-eabi/10.3.1/../../../../arm-none-eabi/lib/thumb/v7-m/nofp\libg.a(lib_a-lock.o)
                              c:/mingw/gcc-arm-none-eabi-10.3-2021.10/bin/../lib/gcc/arm-none-eabi/10.3.1/../../../../arm-none-eabi/lib/thumb/v7-m/nofp\libg.a(lib_a-__call_atexit.o) (__retarget_lock_acquire_recursive)
c:/mingw/gcc-arm-none-eabi-10.3-2021.10/bin/../lib/gcc/arm-none-eabi/10.3.1/../../../../arm-none-eabi/lib/thumb/v7-m/nofp\libg.a(lib_a-__atexit.o)
                              c:/mingw/gcc-arm-none-eabi-10.3-2021.10/bin/../lib/gcc/arm-none-eabi/10.3.1/../../../../arm-none-eabi/lib/thumb/v7-m/nofp\libg.a(lib_a-atexit.o) (__register_exitproc)

Discarded input sections

 .text          0x00000000        0x0 c:/mingw/gcc-arm-none-eabi-10.3-2021.10/bin/../lib/gcc/arm-none-eabi/10.3.1/thumb/v7-m/nofp/crti.o
 .data          0x00000000        0x0 c:/mingw/gcc-arm-none-eabi-10.3-2021.10/bin/../lib/gcc/arm-none-eabi/10.3.1/thumb/v7-m/nofp/crti.o
 .bss           0x00000000        0x0 c:/mingw/gcc-arm-none-eabi-10.3-2021.10/bin/../lib/gcc/arm-none-eabi/10.3.1/thumb/v7-m/nofp/crti.o
 .data          0x00000000        0x4 c:/mingw/gcc-arm-none-eabi-10.3-2021.10/bin/../lib/gcc/arm-none-eabi/10.3.1/thumb/v7-m/nofp/crtbegin.o
 .rodata        0x00000000       0x24 c:/mingw/gcc-arm-none-eabi-10.3-2021.10/bin/../lib/gcc/arm-none-eabi/10.3.1/thumb/v7-m/nofp/crtbegin.o
 .text          0x00000000       0x7c c:/mingw/gcc-arm-none-eabi-10.3-2021.10/bin/../lib/gcc/arm-none-eabi/10.3.1/../../../../arm-none-eabi/lib/thumb/v7-m/nofp/crt0.o
 .data          0x00000000        0x0 c:/mingw/gcc-arm-none-eabi-10.3-2021.10/bin/../lib/gcc/arm-none-eabi/10.3.1/../../../../arm-none-eabi/lib/thumb/v7-m/nofp/crt0.o
 .bss           0x00000000        0x0 c:/mingw/gcc-arm-none-eabi-10.3-2021.10/bin/../lib/gcc/arm-none-eabi/10.3.1/../../../../arm-none-eabi/lib/thumb/v7-m/nofp/crt0.o
 .ARM.extab     0x00000000        0x0 c:/mingw/gcc-arm-none-eabi-10.3-2021.10/bin/../lib/gcc/arm-none-eabi/10.3.1/../../../../arm-none-eabi/lib/thumb/v7-m/nofp/crt0.o
[...]
Memory Configuration

Name             Origin             Length             Attributes
RAM              0x20000000         0x00010000         xrw
FLASH            0x08000000         0x00080000         xr
*default*        0x00000000         0xffffffff

Linker script and memory map

LOAD c:/mingw/gcc-arm-none-eabi-10.3-2021.10/bin/../lib/gcc/arm-none-eabi/10.3.1/thumb/v7-m/nofp/crti.o
LOAD c:/mingw/gcc-arm-none-eabi-10.3-2021.10/bin/../lib/gcc/arm-none-eabi/10.3.1/thumb/v7-m/nofp/crtbegin.o
LOAD c:/mingw/gcc-arm-none-eabi-10.3-2021.10/bin/../lib/gcc/arm-none-eabi/10.3.1/../../../../arm-none-eabi/lib/thumb/v7-m/nofp/crt0.o
LOAD CMakeFiles/Mysound.elf.dir/Core/Src/JQ8X00.c.obj
LOAD CMakeFiles/Mysound.elf.dir/Core/Src/delay.c.obj
LOAD CMakeFiles/Mysound.elf.dir/Core/Src/gpio.c.obj
LOAD CMakeFiles/Mysound.elf.dir/Core/Src/main.c.obj
LOAD CMakeFiles/Mysound.elf.dir/Core/Src/stm32f1xx_hal_msp.c.obj
LOAD CMakeFiles/Mysound.elf.dir/Core/Src/stm32f1xx_it.c.obj
LOAD CMakeFiles/Mysound.elf.dir/Core/Src/syscalls.c.obj
LOAD CMakeFiles/Mysound.elf.dir/Core/Src/sysmem.c.obj
LOAD CMakeFiles/Mysound.elf.dir/Core/Src/system_stm32f1xx.c.obj
LOAD CMakeFiles/Mysound.elf.dir/Core/Src/usart.c.obj
LOAD CMakeFiles/Mysound.elf.dir/Core/Startup/startup_stm32f103zetx.s.obj
LOAD CMakeFiles/Mysound.elf.dir/Drivers/STM32F1xx_HAL_Driver/Src/stm32f1xx_hal.c.obj
LOAD CMakeFiles/Mysound.elf.dir/Drivers/STM32F1xx_HAL_Driver/Src/stm32f1xx_hal_cortex.c.obj
LOAD CMakeFiles/Mysound.elf.dir/Drivers/STM32F1xx_HAL_Driver/Src/stm32f1xx_hal_dma.c.obj
LOAD CMakeFiles/Mysound.elf.dir/Drivers/STM32F1xx_HAL_Driver/Src/stm32f1xx_hal_exti.c.obj
LOAD CMakeFiles/Mysound.elf.dir/Drivers/STM32F1xx_HAL_Driver/Src/stm32f1xx_hal_flash.c.obj
LOAD CMakeFiles/Mysound.elf.dir/Drivers/STM32F1xx_HAL_Driver/Src/stm32f1xx_hal_flash_ex.c.obj
LOAD CMakeFiles/Mysound.elf.dir/Drivers/STM32F1xx_HAL_Driver/Src/stm32f1xx_hal_gpio.c.obj
LOAD CMakeFiles/Mysound.elf.dir/Drivers/STM32F1xx_HAL_Driver/Src/stm32f1xx_hal_gpio_ex.c.obj
LOAD CMakeFiles/Mysound.elf.dir/Drivers/STM32F1xx_HAL_Driver/Src/stm32f1xx_hal_pwr.c.obj
LOAD CMakeFiles/Mysound.elf.dir/Drivers/STM32F1xx_HAL_Driver/Src/stm32f1xx_hal_rcc.c.obj
LOAD CMakeFiles/Mysound.elf.dir/Drivers/STM32F1xx_HAL_Driver/Src/stm32f1xx_hal_rcc_ex.c.obj
LOAD CMakeFiles/Mysound.elf.dir/Drivers/STM32F1xx_HAL_Driver/Src/stm32f1xx_hal_tim.c.obj
LOAD CMakeFiles/Mysound.elf.dir/Drivers/STM32F1xx_HAL_Driver/Src/stm32f1xx_hal_tim_ex.c.obj
LOAD CMakeFiles/Mysound.elf.dir/Drivers/STM32F1xx_HAL_Driver/Src/stm32f1xx_hal_uart.c.obj
START GROUP
LOAD c:/mingw/gcc-arm-none-eabi-10.3-2021.10/bin/../lib/gcc/arm-none-eabi/10.3.1/thumb/v7-m/nofp\libgcc.a
LOAD c:/mingw/gcc-arm-none-eabi-10.3-2021.10/bin/../lib/gcc/arm-none-eabi/10.3.1/../../../../arm-none-eabi/lib/thumb/v7-m/nofp\libg.a
LOAD c:/mingw/gcc-arm-none-eabi-10.3-2021.10/bin/../lib/gcc/arm-none-eabi/10.3.1/../../../../arm-none-eabi/lib/thumb/v7-m/nofp\libc.a
END GROUP
LOAD c:/mingw/gcc-arm-none-eabi-10.3-2021.10/bin/../lib/gcc/arm-none-eabi/10.3.1/thumb/v7-m/nofp/crtend.o
LOAD c:/mingw/gcc-arm-none-eabi-10.3-2021.10/bin/../lib/gcc/arm-none-eabi/10.3.1/thumb/v7-m/nofp/crtn.o
                0x20010000                _estack = (ORIGIN (RAM) + LENGTH (RAM))
                0x00000200                _Min_Heap_Size = 0x200
                0x00000400                _Min_Stack_Size = 0x400

.isr_vector     0x08000000      0x1e4
                0x08000000                . = ALIGN (0x4)
 *(.isr_vector)
 .isr_vector    0x08000000      0x1e4 CMakeFiles/Mysound.elf.dir/Core/Startup/startup_stm32f103zetx.s.obj
                0x08000000                g_pfnVectors
                0x080001e4                . = ALIGN (0x4)

.text           0x080001e4     0x1310
                0x080001e4                . = ALIGN (0x4)
 *(.text)
 .text          0x080001e4       0x40 c:/mingw/gcc-arm-none-eabi-10.3-2021.10/bin/../lib/gcc/arm-none-eabi/10.3.1/thumb/v7-m/nofp/crtbegin.o
 *(.text*)
 .text.JQ8x00_Init
                0x08000224        0x2 CMakeFiles/Mysound.elf.dir/Core/Src/JQ8X00.c.obj
                0x08000224                JQ8x00_Init
 *fill*         0x08000226        0x2 
 .text.JQ8x00_Command_Data
                0x08000228       0x7c CMakeFiles/Mysound.elf.dir/Core/Src/JQ8X00.c.obj
                0x08000228                JQ8x00_Command_Data
 .text.JQ8x00_RandomPathPlay
                0x080002a4       0xb8 CMakeFiles/Mysound.elf.dir/Core/Src/JQ8X00.c.obj
                0x080002a4                JQ8x00_RandomPathPlay
 .text.delay_init
                0x0800035c       0x14 CMakeFiles/Mysound.elf.dir/Core/Src/delay.c.obj
                0x0800035c                delay_init
 .text.delay_us
                0x08000370       0x3c CMakeFiles/Mysound.elf.dir/Core/Src/delay.c.obj
                0x08000370                delay_us
 .text.delay_ms
                0x080003ac       0x18 CMakeFiles/Mysound.elf.dir/Core/Src/delay.c.obj
                0x080003ac                delay_ms
 .text.MX_GPIO_Init
                0x080003c4       0x20 CMakeFiles/Mysound.elf.dir/Core/Src/gpio.c.obj
                0x080003c4                MX_GPIO_Init
 .text.Error_Handler
                0x080003e4        0x4 CMakeFiles/Mysound.elf.dir/Core/Src/main.c.obj
                0x080003e4                Error_Handler
 .text.SystemClock_Config
                0x080003e8       0x5a CMakeFiles/Mysound.elf.dir/Core/Src/main.c.obj
                0x080003e8                SystemClock_Config
 *fill*         0x08000442        0x2 
 .text.main     0x08000444       0x74 CMakeFiles/Mysound.elf.dir/Core/Src/main.c.obj
                0x08000444                main
 .text.HAL_MspInit
                0x080004b8       0x44 CMakeFiles/Mysound.elf.dir/Core/Src/stm32f1xx_hal_msp.c.obj
                0x080004b8                HAL_MspInit
 .text.NMI_Handler
                0x080004fc        0x2 CMakeFiles/Mysound.elf.dir/Core/Src/stm32f1xx_it.c.obj
                0x080004fc                NMI_Handler
 .text.HardFault_Handler
                0x080004fe        0x2 CMakeFiles/Mysound.elf.dir/Core/Src/stm32f1xx_it.c.obj
                0x080004fe                HardFault_Handler
 .text.MemManage_Handler
                0x08000500        0x2 CMakeFiles/Mysound.elf.dir/Core/Src/stm32f1xx_it.c.obj
                0x08000500                MemManage_Handler
 .text.BusFault_Handler
                0x08000502        0x2 CMakeFiles/Mysound.elf.dir/Core/Src/stm32f1xx_it.c.obj
                0x08000502                BusFault_Handler
 .text.UsageFault_Handler
                0x08000504        0x2 CMakeFiles/Mysound.elf.dir/Core/Src/stm32f1xx_it.c.obj
                0x08000504                UsageFault_Handler
 .text.SVC_Handler
                0x08000506        0x2 CMakeFiles/Mysound.elf.dir/Core/Src/stm32f1xx_it.c.obj
                0x08000506                SVC_Handler
 .text.DebugMon_Handler
                0x08000508        0x2 CMakeFiles/Mysound.elf.dir/Core/Src/stm32f1xx_it.c.obj
                0x08000508                DebugMon_Handler
 .text.PendSV_Handler
                0x0800050a        0x2 CMakeFiles/Mysound.elf.dir/Core/Src/stm32f1xx_it.c.obj
                0x0800050a                PendSV_Handler
 .text.SysTick_Handler
                0x0800050c        0x8 CMakeFiles/Mysound.elf.dir/Core/Src/stm32f1xx_it.c.obj
                0x0800050c                SysTick_Handler
 .text.SystemInit
                0x08000514        0x2 CMakeFiles/Mysound.elf.dir/Core/Src/system_stm32f1xx.c.obj
                0x08000514                SystemInit
 .text.MX_NVIC_UARTx_Init
                0x08000516       0x14 CMakeFiles/Mysound.elf.dir/Core/Src/usart.c.obj
 *fill*         0x0800052a        0x2 
 .text.HAL_UART_MspInit
                0x0800052c       0x5c CMakeFiles/Mysound.elf.dir/Core/Src/usart.c.obj
                0x0800052c                HAL_UART_MspInit
 .text.MX_UARTx_Init
                0x08000588       0x50 CMakeFiles/Mysound.elf.dir/Core/Src/usart.c.obj
                0x08000588                MX_UARTx_Init
 .text.Reset_Handler
                0x080005d8       0x48 CMakeFiles/Mysound.elf.dir/Core/Startup/startup_stm32f103zetx.s.obj
                0x080005d8                Reset_Handler
 .text.Default_Handler
                0x08000620        0x2 CMakeFiles/Mysound.elf.dir/Core/Startup/startup_stm32f103zetx.s.obj
                0x08000620                RTC_Alarm_IRQHandler
                0x08000620                EXTI2_IRQHandler
                0x08000620                TIM8_TRG_COM_IRQHandler
                0x08000620                TIM8_CC_IRQHandler
                0x08000620                TIM1_CC_IRQHandler
                0x08000620                TIM6_IRQHandler
                0x08000620                PVD_IRQHandler
                0x08000620                SDIO_IRQHandler
                0x08000620                EXTI3_IRQHandler
                0x08000620                EXTI0_IRQHandler
                0x08000620                I2C2_EV_IRQHandler
                0x08000620                ADC1_2_IRQHandler
                0x08000620                SPI1_IRQHandler
                0x08000620                TAMPER_IRQHandler
                0x08000620                TIM8_UP_IRQHandler
                0x08000620                DMA2_Channel2_IRQHandler
                0x08000620                DMA1_Channel4_IRQHandler
                0x08000620                USART3_IRQHandler
                0x08000620                RTC_IRQHandler
                0x08000620                DMA1_Channel7_IRQHandler
                0x08000620                CAN1_RX1_IRQHandler
                0x08000620                UART5_IRQHandler
                0x08000620                ADC3_IRQHandler
                0x08000620                TIM4_IRQHandler
                0x08000620                DMA2_Channel1_IRQHandler
                0x08000620                I2C1_EV_IRQHandler
                0x08000620                DMA1_Channel6_IRQHandler
                0x08000620                UART4_IRQHandler
                0x08000620                TIM3_IRQHandler
                0x08000620                RCC_IRQHandler
                0x08000620                TIM1_TRG_COM_IRQHandler
                0x08000620                DMA1_Channel1_IRQHandler
                0x08000620                Default_Handler
                0x08000620                EXTI15_10_IRQHandler
                0x08000620                TIM7_IRQHandler
                0x08000620                TIM5_IRQHandler
                0x08000620                EXTI9_5_IRQHandler
                0x08000620                SPI2_IRQHandler
                0x08000620                DMA1_Channel5_IRQHandler
                0x08000620                EXTI4_IRQHandler
                0x08000620                USB_LP_CAN1_RX0_IRQHandler
                0x08000620                USB_HP_CAN1_TX_IRQHandler
                0x08000620                DMA1_Channel3_IRQHandler
                0x08000620                FSMC_IRQHandler
                0x08000620                TIM1_UP_IRQHandler
                0x08000620                WWDG_IRQHandler
                0x08000620                TIM2_IRQHandler
                0x08000620                TIM1_BRK_IRQHandler
                0x08000620                EXTI1_IRQHandler
                0x08000620                DMA2_Channel4_5_IRQHandler
                0x08000620                USART2_IRQHandler
                0x08000620                I2C2_ER_IRQHandler
                0x08000620                DMA1_Channel2_IRQHandler
                0x08000620                TIM8_BRK_IRQHandler
                0x08000620                CAN1_SCE_IRQHandler
                0x08000620                FLASH_IRQHandler
                0x08000620                USART1_IRQHandler
                0x08000620                SPI3_IRQHandler
                0x08000620                I2C1_ER_IRQHandler
                0x08000620                USBWakeUp_IRQHandler
                0x08000620                DMA2_Channel3_IRQHandler
 *fill*         0x08000622        0x2 
 .text.HAL_InitTick
                0x08000624       0x4c CMakeFiles/Mysound.elf.dir/Drivers/STM32F1xx_HAL_Driver/Src/stm32f1xx_hal.c.obj
                0x08000624                HAL_InitTick
 .text.HAL_Init
                0x08000670       0x24 CMakeFiles/Mysound.elf.dir/Drivers/STM32F1xx_HAL_Driver/Src/stm32f1xx_hal.c.obj
                0x08000670                HAL_Init
 .text.HAL_IncTick
                0x08000694       0x18 CMakeFiles/Mysound.elf.dir/Drivers/STM32F1xx_HAL_Driver/Src/stm32f1xx_hal.c.obj
                0x08000694                HAL_IncTick
 .text.HAL_GetTick
                0x080006ac        0xc CMakeFiles/Mysound.elf.dir/Drivers/STM32F1xx_HAL_Driver/Src/stm32f1xx_hal.c.obj
                0x080006ac                HAL_GetTick
 .text.HAL_Delay
                0x080006b8       0x28 CMakeFiles/Mysound.elf.dir/Drivers/STM32F1xx_HAL_Driver/Src/stm32f1xx_hal.c.obj
                0x080006b8                HAL_Delay
 .text.HAL_NVIC_SetPriorityGrouping
                0x080006e0       0x24 CMakeFiles/Mysound.elf.dir/Drivers/STM32F1xx_HAL_Driver/Src/stm32f1xx_hal_cortex.c.obj
                0x080006e0                HAL_NVIC_SetPriorityGrouping
 .text.HAL_NVIC_SetPriority
                0x08000704       0x70 CMakeFiles/Mysound.elf.dir/Drivers/STM32F1xx_HAL_Driver/Src/stm32f1xx_hal_cortex.c.obj
                0x08000704                HAL_NVIC_SetPriority
 .text.HAL_NVIC_EnableIRQ
                0x08000774       0x1c CMakeFiles/Mysound.elf.dir/Drivers/STM32F1xx_HAL_Driver/Src/stm32f1xx_hal_cortex.c.obj
                0x08000774                HAL_NVIC_EnableIRQ
 .text.HAL_SYSTICK_Config
                0x08000790       0x28 CMakeFiles/Mysound.elf.dir/Drivers/STM32F1xx_HAL_Driver/Src/stm32f1xx_hal_cortex.c.obj
                0x08000790                HAL_SYSTICK_Config
 .text.HAL_SYSTICK_CLKSourceConfig
                0x080007b8       0x20 CMakeFiles/Mysound.elf.dir/Drivers/STM32F1xx_HAL_Driver/Src/stm32f1xx_hal_cortex.c.obj
                0x080007b8                HAL_SYSTICK_CLKSourceConfig
 .text.HAL_GPIO_Init
                0x080007d8      0x240 CMakeFiles/Mysound.elf.dir/Drivers/STM32F1xx_HAL_Driver/Src/stm32f1xx_hal_gpio.c.obj
                0x080007d8                HAL_GPIO_Init
 .text.RCC_Delay
                0x08000a18       0x2c CMakeFiles/Mysound.elf.dir/Drivers/STM32F1xx_HAL_Driver/Src/stm32f1xx_hal_rcc.c.obj
 .text.HAL_RCC_OscConfig
                0x08000a44      0x410 CMakeFiles/Mysound.elf.dir/Drivers/STM32F1xx_HAL_Driver/Src/stm32f1xx_hal_rcc.c.obj
                0x08000a44                HAL_RCC_OscConfig
 .text.HAL_RCC_GetSysClockFreq
                0x08000e54       0x70 CMakeFiles/Mysound.elf.dir/Drivers/STM32F1xx_HAL_Driver/Src/stm32f1xx_hal_rcc.c.obj
                0x08000e54                HAL_RCC_GetSysClockFreq
 .text.HAL_RCC_ClockConfig
                0x08000ec4      0x16c CMakeFiles/Mysound.elf.dir/Drivers/STM32F1xx_HAL_Driver/Src/stm32f1xx_hal_rcc.c.obj
                0x08000ec4                HAL_RCC_ClockConfig
 .text.HAL_RCC_GetHCLKFreq
                0x08001030        0xc CMakeFiles/Mysound.elf.dir/Drivers/STM32F1xx_HAL_Driver/Src/stm32f1xx_hal_rcc.c.obj
                0x08001030                HAL_RCC_GetHCLKFreq
 .text.HAL_RCC_GetPCLK1Freq
                0x0800103c       0x20 CMakeFiles/Mysound.elf.dir/Drivers/STM32F1xx_HAL_Driver/Src/stm32f1xx_hal_rcc.c.obj
                0x0800103c                HAL_RCC_GetPCLK1Freq
 .text.HAL_RCC_GetPCLK2Freq
                0x0800105c       0x20 CMakeFiles/Mysound.elf.dir/Drivers/STM32F1xx_HAL_Driver/Src/stm32f1xx_hal_rcc.c.obj
                0x0800105c                HAL_RCC_GetPCLK2Freq
 .text.UART_SetConfig
                0x0800107c       0x94 CMakeFiles/Mysound.elf.dir/Drivers/STM32F1xx_HAL_Driver/Src/stm32f1xx_hal_uart.c.obj
 .text.UART_WaitOnFlagUntilTimeout
                0x08001110       0x6c CMakeFiles/Mysound.elf.dir/Drivers/STM32F1xx_HAL_Driver/Src/stm32f1xx_hal_uart.c.obj
 .text.HAL_UART_Init
                0x0800117c       0x5e CMakeFiles/Mysound.elf.dir/Drivers/STM32F1xx_HAL_Driver/Src/stm32f1xx_hal_uart.c.obj
                0x0800117c                HAL_UART_Init
 .text.HAL_UART_Transmit
                0x080011da       0xd8 CMakeFiles/Mysound.elf.dir/Drivers/STM32F1xx_HAL_Driver/Src/stm32f1xx_hal_uart.c.obj
                0x080011da                HAL_UART_Transmit
 *fill*         0x080012b2        0x2 
 .text.__libc_init_array
                0x080012b4       0x48 c:/mingw/gcc-arm-none-eabi-10.3-2021.10/bin/../lib/gcc/arm-none-eabi/10.3.1/../../../../arm-none-eabi/lib/thumb/v7-m/nofp\libg.a(lib_a-init.o)
                0x080012b4                __libc_init_array
 .text.memset   0x080012fc       0xa4 c:/mingw/gcc-arm-none-eabi-10.3-2021.10/bin/../lib/gcc/arm-none-eabi/10.3.1/../../../../arm-none-eabi/lib/thumb/v7-m/nofp\libg.a(lib_a-memset.o)
                0x080012fc                memset
 .text.strlen   0x080013a0       0x5c c:/mingw/gcc-arm-none-eabi-10.3-2021.10/bin/../lib/gcc/arm-none-eabi/10.3.1/../../../../arm-none-eabi/lib/thumb/v7-m/nofp\libg.a(lib_a-strlen-stub.o)
                0x080013a0                strlen
 .text.startup.register_fini
                0x080013fc       0x14 c:/mingw/gcc-arm-none-eabi-10.3-2021.10/bin/../lib/gcc/arm-none-eabi/10.3.1/../../../../arm-none-eabi/lib/thumb/v7-m/nofp\libg.a(lib_a-__call_atexit.o)
 .text.atexit   0x08001410        0xc c:/mingw/gcc-arm-none-eabi-10.3-2021.10/bin/../lib/gcc/arm-none-eabi/10.3.1/../../../../arm-none-eabi/lib/thumb/v7-m/nofp\libg.a(lib_a-atexit.o)
                0x08001410                atexit
 .text.__libc_fini_array
                0x0800141c       0x2c c:/mingw/gcc-arm-none-eabi-10.3-2021.10/bin/../lib/gcc/arm-none-eabi/10.3.1/../../../../arm-none-eabi/lib/thumb/v7-m/nofp\libg.a(lib_a-fini.o)
                0x0800141c                __libc_fini_array
 .text.__retarget_lock_acquire_recursive
                0x08001448        0x4 c:/mingw/gcc-arm-none-eabi-10.3-2021.10/bin/../lib/gcc/arm-none-eabi/10.3.1/../../../../arm-none-eabi/lib/thumb/v7-m/nofp\libg.a(lib_a-lock.o)
                0x08001448                __retarget_lock_acquire_recursive
 .text.__retarget_lock_release_recursive
                0x0800144c        0x4 c:/mingw/gcc-arm-none-eabi-10.3-2021.10/bin/../lib/gcc/arm-none-eabi/10.3.1/../../../../arm-none-eabi/lib/thumb/v7-m/nofp\libg.a(lib_a-lock.o)
                0x0800144c                __retarget_lock_release_recursive
 .text.__register_exitproc
                0x08001450       0x8c c:/mingw/gcc-arm-none-eabi-10.3-2021.10/bin/../lib/gcc/arm-none-eabi/10.3.1/../../../../arm-none-eabi/lib/thumb/v7-m/nofp\libg.a(lib_a-__atexit.o)
                0x08001450                __register_exitproc
 *(.glue_7)
 .glue_7        0x080014dc        0x0 linker stubs
 *(.glue_7t)
 .glue_7t       0x080014dc        0x0 linker stubs
 *(.eh_frame)
 .eh_frame      0x080014dc        0x0 c:/mingw/gcc-arm-none-eabi-10.3-2021.10/bin/../lib/gcc/arm-none-eabi/10.3.1/thumb/v7-m/nofp/crtbegin.o
 *(.init)
 .init          0x080014dc        0x4 c:/mingw/gcc-arm-none-eabi-10.3-2021.10/bin/../lib/gcc/arm-none-eabi/10.3.1/thumb/v7-m/nofp/crti.o
                0x080014dc                _init
 .init          0x080014e0        0x8 c:/mingw/gcc-arm-none-eabi-10.3-2021.10/bin/../lib/gcc/arm-none-eabi/10.3.1/thumb/v7-m/nofp/crtn.o
 *(.fini)
 .fini          0x080014e8        0x4 c:/mingw/gcc-arm-none-eabi-10.3-2021.10/bin/../lib/gcc/arm-none-eabi/10.3.1/thumb/v7-m/nofp/crti.o
                0x080014e8                _fini
 .fini          0x080014ec        0x8 c:/mingw/gcc-arm-none-eabi-10.3-2021.10/bin/../lib/gcc/arm-none-eabi/10.3.1/thumb/v7-m/nofp/crtn.o
                0x080014f4                . = ALIGN (0x4)
                0x080014f4                _etext = .

.vfp11_veneer   0x080014f4        0x0
 .vfp11_veneer  0x080014f4        0x0 linker stubs

.v4_bx          0x080014f4        0x0
 .v4_bx         0x080014f4        0x0 linker stubs

.iplt           0x080014f4        0x0
 .iplt          0x080014f4        0x0 c:/mingw/gcc-arm-none-eabi-10.3-2021.10/bin/../lib/gcc/arm-none-eabi/10.3.1/thumb/v7-m/nofp/crtbegin.o

.rodata         0x080014f4       0x4c
                0x080014f4                . = ALIGN (0x4)
 *(.rodata)
 *(.rodata*)
 .rodata.main.str1.4
                0x080014f4       0x19 CMakeFiles/Mysound.elf.dir/Core/Src/main.c.obj
 *fill*         0x0800150d        0x3 
 .rodata.AHBPrescTable
                0x08001510       0x10 CMakeFiles/Mysound.elf.dir/Core/Src/system_stm32f1xx.c.obj
                0x08001510                AHBPrescTable
 .rodata.APBPrescTable
                0x08001520        0x8 CMakeFiles/Mysound.elf.dir/Core/Src/system_stm32f1xx.c.obj
                0x08001520                APBPrescTable
 .rodata.HAL_RCC_GetSysClockFreq.str1.4
                0x08001528       0x11 CMakeFiles/Mysound.elf.dir/Drivers/STM32F1xx_HAL_Driver/Src/stm32f1xx_hal_rcc.c.obj
 *fill*         0x08001539        0x3 
 .rodata._global_impure_ptr
                0x0800153c        0x4 c:/mingw/gcc-arm-none-eabi-10.3-2021.10/bin/../lib/gcc/arm-none-eabi/10.3.1/../../../../arm-none-eabi/lib/thumb/v7-m/nofp\libg.a(lib_a-impure.o)
                0x0800153c                _global_impure_ptr
                0x08001540                . = ALIGN (0x4)

.rel.dyn        0x08001540        0x0
 .rel.iplt      0x08001540        0x0 c:/mingw/gcc-arm-none-eabi-10.3-2021.10/bin/../lib/gcc/arm-none-eabi/10.3.1/thumb/v7-m/nofp/crtbegin.o

.ARM.extab      0x08001540        0x0
                0x08001540                . = ALIGN (0x4)
 *(.ARM.extab* .gnu.linkonce.armextab.*)
                0x08001540                . = ALIGN (0x4)

.ARM            0x08001540        0x0
                0x08001540                . = ALIGN (0x4)
                0x08001540                __exidx_start = .
 *(.ARM.exidx*)
                0x08001540                __exidx_end = .
                0x08001540                . = ALIGN (0x4)

.preinit_array  0x08001540        0x0
                0x08001540                . = ALIGN (0x4)
                0x08001540                PROVIDE (__preinit_array_start = .)
 *(.preinit_array*)
                0x08001540                PROVIDE (__preinit_array_end = .)
                0x08001540                . = ALIGN (0x4)

.init_array     0x08001540        0x8
                0x08001540                . = ALIGN (0x4)
                0x08001540                PROVIDE (__init_array_start = .)
 *(SORT_BY_NAME(.init_array.*))
 .init_array.00000
                0x08001540        0x4 c:/mingw/gcc-arm-none-eabi-10.3-2021.10/bin/../lib/gcc/arm-none-eabi/10.3.1/../../../../arm-none-eabi/lib/thumb/v7-m/nofp\libg.a(lib_a-__call_atexit.o)
 *(.init_array*)
 .init_array    0x08001544        0x4 c:/mingw/gcc-arm-none-eabi-10.3-2021.10/bin/../lib/gcc/arm-none-eabi/10.3.1/thumb/v7-m/nofp/crtbegin.o
                0x08001548                PROVIDE (__init_array_end = .)
                0x08001548                . = ALIGN (0x4)

.fini_array     0x08001548        0x4
                0x08001548                . = ALIGN (0x4)
                0x08001548                PROVIDE (__fini_array_start = .)
 *(SORT_BY_NAME(.fini_array.*))
 *(.fini_array*)
 .fini_array    0x08001548        0x4 c:/mingw/gcc-arm-none-eabi-10.3-2021.10/bin/../lib/gcc/arm-none-eabi/10.3.1/thumb/v7-m/nofp/crtbegin.o
                0x0800154c                PROVIDE (__fini_array_end = .)
                0x0800154c                . = ALIGN (0x4)
                0x0800154c                _sidata = LOADADDR (.data)

.data           0x20000000      0x43c load address 0x0800154c
                0x20000000                . = ALIGN (0x4)
                0x20000000                _sdata = .
 *(.data)
 *(.data*)
 .data.SystemCoreClock
                0x20000000        0x4 CMakeFiles/Mysound.elf.dir/Core/Src/system_stm32f1xx.c.obj
                0x20000000                SystemCoreClock
 .data.uwTickFreq
                0x20000004        0x1 CMakeFiles/Mysound.elf.dir/Drivers/STM32F1xx_HAL_Driver/Src/stm32f1xx_hal.c.obj
                0x20000004                uwTickFreq
 *fill*         0x20000005        0x3 
 .data.uwTickPrio
                0x20000008        0x4 CMakeFiles/Mysound.elf.dir/Drivers/STM32F1xx_HAL_Driver/Src/stm32f1xx_hal.c.obj
                0x20000008                uwTickPrio
 *fill*         0x2000000c        0x4 
 .data.impure_data
                0x20000010      0x428 c:/mingw/gcc-arm-none-eabi-10.3-2021.10/bin/../lib/gcc/arm-none-eabi/10.3.1/../../../../arm-none-eabi/lib/thumb/v7-m/nofp\libg.a(lib_a-impure.o)
 .data.__atexit_recursive_mutex
                0x20000438        0x4 c:/mingw/gcc-arm-none-eabi-10.3-2021.10/bin/../lib/gcc/arm-none-eabi/10.3.1/../../../../arm-none-eabi/lib/thumb/v7-m/nofp\libg.a(lib_a-__call_atexit.o)
                0x20000438                __atexit_recursive_mutex
 *(.RamFunc)
 *(.RamFunc*)
                0x2000043c                . = ALIGN (0x4)
                0x2000043c                _edata = .

.igot.plt       0x2000043c        0x0 load address 0x08001988
 .igot.plt      0x2000043c        0x0 c:/mingw/gcc-arm-none-eabi-10.3-2021.10/bin/../lib/gcc/arm-none-eabi/10.3.1/thumb/v7-m/nofp/crtbegin.o
                0x2000043c                . = ALIGN (0x4)

.bss            0x2000043c       0x6c load address 0x08001988
                0x2000043c                _sbss = .
                0x2000043c                __bss_start__ = _sbss
 *(.bss)
 .bss           0x2000043c       0x1c c:/mingw/gcc-arm-none-eabi-10.3-2021.10/bin/../lib/gcc/arm-none-eabi/10.3.1/thumb/v7-m/nofp/crtbegin.o
 *(.bss*)
 .bss.fac_us    0x20000458        0x4 CMakeFiles/Mysound.elf.dir/Core/Src/delay.c.obj
 .bss.huartx    0x2000045c       0x44 CMakeFiles/Mysound.elf.dir/Core/Src/usart.c.obj
                0x2000045c                huartx
 .bss.uwTick    0x200004a0        0x4 CMakeFiles/Mysound.elf.dir/Drivers/STM32F1xx_HAL_Driver/Src/stm32f1xx_hal.c.obj
                0x200004a0                uwTick
 .bss.__lock___atexit_recursive_mutex
                0x200004a4        0x1 c:/mingw/gcc-arm-none-eabi-10.3-2021.10/bin/../lib/gcc/arm-none-eabi/10.3.1/../../../../arm-none-eabi/lib/thumb/v7-m/nofp\libg.a(lib_a-lock.o)
                0x200004a4                __lock___atexit_recursive_mutex
 *(COMMON)
                0x200004a8                . = ALIGN (0x4)
 *fill*         0x200004a5        0x3 
                0x200004a8                _ebss = .
                0x200004a8                __bss_end__ = _ebss

._user_heap_stack
                0x200004a8      0x600 load address 0x08001988
                0x200004a8                . = ALIGN (0x8)
                [!provide]                PROVIDE (end = .)
                0x200004a8                PROVIDE (_end = .)
                0x200006a8                . = (. + _Min_Heap_Size)
 *fill*         0x200004a8      0x200 
                0x20000aa8                . = (. + _Min_Stack_Size)
 *fill*         0x200006a8      0x400 
                0x20000aa8                . = ALIGN (0x8)

/DISCARD/
 libc.a(*)
 libm.a(*)
 libgcc.a(*)

.ARM.attributes
                0x00000000       0x29
 *(.ARM.attributes)
 .ARM.attributes
                0x00000000       0x1d c:/mingw/gcc-arm-none-eabi-10.3-2021.10/bin/../lib/gcc/arm-none-eabi/10.3.1/thumb/v7-m/nofp/crti.o
 .ARM.attributes
                0x0000001d       0x2d c:/mingw/gcc-arm-none-eabi-10.3-2021.10/bin/../lib/gcc/arm-none-eabi/10.3.1/thumb/v7-m/nofp/crtbegin.o
 .ARM.attributes
                0x0000004a       0x2d CMakeFiles/Mysound.elf.dir/Core/Src/JQ8X00.c.obj
 .ARM.attributes
                0x00000077       0x2d CMakeFiles/Mysound.elf.dir/Core/Src/delay.c.obj
 .ARM.attributes
                0x000000a4       0x2d CMakeFiles/Mysound.elf.dir/Core/Src/gpio.c.obj
 .ARM.attributes
                0x000000d1       0x2d CMakeFiles/Mysound.elf.dir/Core/Src/main.c.obj
 .ARM.attributes
                0x000000fe       0x2d CMakeFiles/Mysound.elf.dir/Core/Src/stm32f1xx_hal_msp.c.obj
 .ARM.attributes
                0x0000012b       0x2d CMakeFiles/Mysound.elf.dir/Core/Src/stm32f1xx_it.c.obj
 .ARM.attributes
                0x00000158       0x2d CMakeFiles/Mysound.elf.dir/Core/Src/system_stm32f1xx.c.obj
 .ARM.attributes
                0x00000185       0x2d CMakeFiles/Mysound.elf.dir/Core/Src/usart.c.obj
 .ARM.attributes
                0x000001b2       0x21 CMakeFiles/Mysound.elf.dir/Core/Startup/startup_stm32f103zetx.s.obj
 .ARM.attributes
                0x000001d3       0x2d CMakeFiles/Mysound.elf.dir/Drivers/STM32F1xx_HAL_Driver/Src/stm32f1xx_hal.c.obj
 .ARM.attributes
                0x00000200       0x2d CMakeFiles/Mysound.elf.dir/Drivers/STM32F1xx_HAL_Driver/Src/stm32f1xx_hal_cortex.c.obj
 .ARM.attributes
                0x0000022d       0x2d CMakeFiles/Mysound.elf.dir/Drivers/STM32F1xx_HAL_Driver/Src/stm32f1xx_hal_gpio.c.obj
 .ARM.attributes
                0x0000025a       0x2d CMakeFiles/Mysound.elf.dir/Drivers/STM32F1xx_HAL_Driver/Src/stm32f1xx_hal_rcc.c.obj
 .ARM.attributes
                0x00000287       0x2d CMakeFiles/Mysound.elf.dir/Drivers/STM32F1xx_HAL_Driver/Src/stm32f1xx_hal_uart.c.obj
 .ARM.attributes
                0x000002b4       0x2d c:/mingw/gcc-arm-none-eabi-10.3-2021.10/bin/../lib/gcc/arm-none-eabi/10.3.1/../../../../arm-none-eabi/lib/thumb/v7-m/nofp\libg.a(lib_a-impure.o)
 .ARM.attributes
                0x000002e1       0x2d c:/mingw/gcc-arm-none-eabi-10.3-2021.10/bin/../lib/gcc/arm-none-eabi/10.3.1/../../../../arm-none-eabi/lib/thumb/v7-m/nofp\libg.a(lib_a-init.o)
 .ARM.attributes
                0x0000030e       0x2d c:/mingw/gcc-arm-none-eabi-10.3-2021.10/bin/../lib/gcc/arm-none-eabi/10.3.1/../../../../arm-none-eabi/lib/thumb/v7-m/nofp\libg.a(lib_a-memset.o)
 .ARM.attributes
                0x0000033b       0x2d c:/mingw/gcc-arm-none-eabi-10.3-2021.10/bin/../lib/gcc/arm-none-eabi/10.3.1/../../../../arm-none-eabi/lib/thumb/v7-m/nofp\libg.a(lib_a-strlen-stub.o)
 .ARM.attributes
                0x00000368       0x2d c:/mingw/gcc-arm-none-eabi-10.3-2021.10/bin/../lib/gcc/arm-none-eabi/10.3.1/../../../../arm-none-eabi/lib/thumb/v7-m/nofp\libg.a(lib_a-__call_atexit.o)
 .ARM.attributes
                0x00000395       0x2d c:/mingw/gcc-arm-none-eabi-10.3-2021.10/bin/../lib/gcc/arm-none-eabi/10.3.1/../../../../arm-none-eabi/lib/thumb/v7-m/nofp\libg.a(lib_a-atexit.o)
 .ARM.attributes
                0x000003c2       0x2d c:/mingw/gcc-arm-none-eabi-10.3-2021.10/bin/../lib/gcc/arm-none-eabi/10.3.1/../../../../arm-none-eabi/lib/thumb/v7-m/nofp\libg.a(lib_a-fini.o)
 .ARM.attributes
                0x000003ef       0x2d c:/mingw/gcc-arm-none-eabi-10.3-2021.10/bin/../lib/gcc/arm-none-eabi/10.3.1/../../../../arm-none-eabi/lib/thumb/v7-m/nofp\libg.a(lib_a-lock.o)
 .ARM.attributes
                0x0000041c       0x2d c:/mingw/gcc-arm-none-eabi-10.3-2021.10/bin/../lib/gcc/arm-none-eabi/10.3.1/../../../../arm-none-eabi/lib/thumb/v7-m/nofp\libg.a(lib_a-__atexit.o)
 .ARM.attributes
                0x00000449       0x1d c:/mingw/gcc-arm-none-eabi-10.3-2021.10/bin/../lib/gcc/arm-none-eabi/10.3.1/thumb/v7-m/nofp/crtn.o
OUTPUT(Mysound.elf elf32-littlearm)
LOAD linker stubs
LOAD c:/mingw/gcc-arm-none-eabi-10.3-2021.10/bin/../lib/gcc/arm-none-eabi/10.3.1/../../../../arm-none-eabi/lib/thumb/v7-m/nofp\libc.a
LOAD c:/mingw/gcc-arm-none-eabi-10.3-2021.10/bin/../lib/gcc/arm-none-eabi/10.3.1/../../../../arm-none-eabi/lib/thumb/v7-m/nofp\libm.a
LOAD c:/mingw/gcc-arm-none-eabi-10.3-2021.10/bin/../lib/gcc/arm-none-eabi/10.3.1/thumb/v7-m/nofp\libgcc.a

.debug_info     0x00000000     0x6506
 .debug_info    0x00000000      0x974 CMakeFiles/Mysound.elf.dir/Core/Src/JQ8X00.c.obj
 .debug_info    0x00000974      0x24b CMakeFiles/Mysound.elf.dir/Core/Src/delay.c.obj
 .debug_info    0x00000bbf      0x15f CMakeFiles/Mysound.elf.dir/Core/Src/gpio.c.obj
 .debug_info    0x00000d1e      0x4d6 CMakeFiles/Mysound.elf.dir/Core/Src/main.c.obj
 .debug_info    0x000011f4      0x211 CMakeFiles/Mysound.elf.dir/Core/Src/stm32f1xx_hal_msp.c.obj
 .debug_info    0x00001405      0x130 CMakeFiles/Mysound.elf.dir/Core/Src/stm32f1xx_it.c.obj
 .debug_info    0x00001535      0x248 CMakeFiles/Mysound.elf.dir/Core/Src/system_stm32f1xx.c.obj
 .debug_info    0x0000177d      0xa39 CMakeFiles/Mysound.elf.dir/Core/Src/usart.c.obj
 .debug_info    0x000021b6       0x22 CMakeFiles/Mysound.elf.dir/Core/Startup/startup_stm32f103zetx.s.obj
 .debug_info    0x000021d8      0x80e CMakeFiles/Mysound.elf.dir/Drivers/STM32F1xx_HAL_Driver/Src/stm32f1xx_hal.c.obj
 .debug_info    0x000029e6      0xdf0 CMakeFiles/Mysound.elf.dir/Drivers/STM32F1xx_HAL_Driver/Src/stm32f1xx_hal_cortex.c.obj
 .debug_info    0x000037d6      0x66f CMakeFiles/Mysound.elf.dir/Drivers/STM32F1xx_HAL_Driver/Src/stm32f1xx_hal_gpio.c.obj
 .debug_info    0x00003e45      0xa36 CMakeFiles/Mysound.elf.dir/Drivers/STM32F1xx_HAL_Driver/Src/stm32f1xx_hal_rcc.c.obj
 .debug_info    0x0000487b     0x1c8b CMakeFiles/Mysound.elf.dir/Drivers/STM32F1xx_HAL_Driver/Src/stm32f1xx_hal_uart.c.obj

.debug_abbrev   0x00000000     0x15ff
 .debug_abbrev  0x00000000      0x20a CMakeFiles/Mysound.elf.dir/Core/Src/JQ8X00.c.obj
 .debug_abbrev  0x0000020a      0x12e CMakeFiles/Mysound.elf.dir/Core/Src/delay.c.obj
 .debug_abbrev  0x00000338       0xb4 CMakeFiles/Mysound.elf.dir/Core/Src/gpio.c.obj
 .debug_abbrev  0x000003ec      0x193 CMakeFiles/Mysound.elf.dir/Core/Src/main.c.obj
 .debug_abbrev  0x0000057f       0xe5 CMakeFiles/Mysound.elf.dir/Core/Src/stm32f1xx_hal_msp.c.obj
 .debug_abbrev  0x00000664       0x7e CMakeFiles/Mysound.elf.dir/Core/Src/stm32f1xx_it.c.obj
 .debug_abbrev  0x000006e2      0x13e CMakeFiles/Mysound.elf.dir/Core/Src/system_stm32f1xx.c.obj
 .debug_abbrev  0x00000820      0x1e4 CMakeFiles/Mysound.elf.dir/Core/Src/usart.c.obj
 .debug_abbrev  0x00000a04       0x12 CMakeFiles/Mysound.elf.dir/Core/Startup/startup_stm32f103zetx.s.obj
 .debug_abbrev  0x00000a16      0x1f4 CMakeFiles/Mysound.elf.dir/Drivers/STM32F1xx_HAL_Driver/Src/stm32f1xx_hal.c.obj
 .debug_abbrev  0x00000c0a      0x341 CMakeFiles/Mysound.elf.dir/Drivers/STM32F1xx_HAL_Driver/Src/stm32f1xx_hal_cortex.c.obj
 .debug_abbrev  0x00000f4b      0x1e6 CMakeFiles/Mysound.elf.dir/Drivers/STM32F1xx_HAL_Driver/Src/stm32f1xx_hal_gpio.c.obj
 .debug_abbrev  0x00001131      0x27a CMakeFiles/Mysound.elf.dir/Drivers/STM32F1xx_HAL_Driver/Src/stm32f1xx_hal_rcc.c.obj
 .debug_abbrev  0x000013ab      0x254 CMakeFiles/Mysound.elf.dir/Drivers/STM32F1xx_HAL_Driver/Src/stm32f1xx_hal_uart.c.obj

.debug_loc      0x00000000     0x3961
 .debug_loc     0x00000000      0x32a CMakeFiles/Mysound.elf.dir/Core/Src/JQ8X00.c.obj
 .debug_loc     0x0000032a      0x157 CMakeFiles/Mysound.elf.dir/Core/Src/delay.c.obj
 .debug_loc     0x00000481       0x30 CMakeFiles/Mysound.elf.dir/Core/Src/main.c.obj
 .debug_loc     0x000004b1       0x15 CMakeFiles/Mysound.elf.dir/Core/Src/stm32f1xx_hal_msp.c.obj
 .debug_loc     0x000004c6       0xff CMakeFiles/Mysound.elf.dir/Core/Src/system_stm32f1xx.c.obj
 .debug_loc     0x000005c5       0x4a CMakeFiles/Mysound.elf.dir/Core/Src/usart.c.obj
 .debug_loc     0x0000060f      0x141 CMakeFiles/Mysound.elf.dir/Drivers/STM32F1xx_HAL_Driver/Src/stm32f1xx_hal.c.obj
 .debug_loc     0x00000750      0x71f CMakeFiles/Mysound.elf.dir/Drivers/STM32F1xx_HAL_Driver/Src/stm32f1xx_hal_cortex.c.obj
 .debug_loc     0x00000e6f      0x47d CMakeFiles/Mysound.elf.dir/Drivers/STM32F1xx_HAL_Driver/Src/stm32f1xx_hal_gpio.c.obj
 .debug_loc     0x000012ec      0x63e CMakeFiles/Mysound.elf.dir/Drivers/STM32F1xx_HAL_Driver/Src/stm32f1xx_hal_rcc.c.obj
 .debug_loc     0x0000192a     0x2037 CMakeFiles/Mysound.elf.dir/Drivers/STM32F1xx_HAL_Driver/Src/stm32f1xx_hal_uart.c.obj

.debug_aranges  0x00000000      0x620
 .debug_aranges
                0x00000000       0x40 CMakeFiles/Mysound.elf.dir/Core/Src/JQ8X00.c.obj
 .debug_aranges
                0x00000040       0x30 CMakeFiles/Mysound.elf.dir/Core/Src/delay.c.obj
 .debug_aranges
                0x00000070       0x20 CMakeFiles/Mysound.elf.dir/Core/Src/gpio.c.obj
 .debug_aranges
                0x00000090       0x30 CMakeFiles/Mysound.elf.dir/Core/Src/main.c.obj
 .debug_aranges
                0x000000c0       0x20 CMakeFiles/Mysound.elf.dir/Core/Src/stm32f1xx_hal_msp.c.obj
 .debug_aranges
                0x000000e0       0x60 CMakeFiles/Mysound.elf.dir/Core/Src/stm32f1xx_it.c.obj
 .debug_aranges
                0x00000140       0x28 CMakeFiles/Mysound.elf.dir/Core/Src/system_stm32f1xx.c.obj
 .debug_aranges
                0x00000168       0x38 CMakeFiles/Mysound.elf.dir/Core/Src/usart.c.obj
 .debug_aranges
                0x000001a0       0x28 CMakeFiles/Mysound.elf.dir/Core/Startup/startup_stm32f103zetx.s.obj
 .debug_aranges
                0x000001c8       0xe0 CMakeFiles/Mysound.elf.dir/Drivers/STM32F1xx_HAL_Driver/Src/stm32f1xx_hal.c.obj
 .debug_aranges
                0x000002a8       0x90 CMakeFiles/Mysound.elf.dir/Drivers/STM32F1xx_HAL_Driver/Src/stm32f1xx_hal_cortex.c.obj
 .debug_aranges
                0x00000338       0x58 CMakeFiles/Mysound.elf.dir/Drivers/STM32F1xx_HAL_Driver/Src/stm32f1xx_hal_gpio.c.obj
 .debug_aranges
                0x00000390       0x90 CMakeFiles/Mysound.elf.dir/Drivers/STM32F1xx_HAL_Driver/Src/stm32f1xx_hal_rcc.c.obj
 .debug_aranges
                0x00000420      0x200 CMakeFiles/Mysound.elf.dir/Drivers/STM32F1xx_HAL_Driver/Src/stm32f1xx_hal_uart.c.obj

.debug_ranges   0x00000000      0x5c8
 .debug_ranges  0x00000000       0x30 CMakeFiles/Mysound.elf.dir/Core/Src/JQ8X00.c.obj
 .debug_ranges  0x00000030       0x20 CMakeFiles/Mysound.elf.dir/Core/Src/delay.c.obj
 .debug_ranges  0x00000050       0x10 CMakeFiles/Mysound.elf.dir/Core/Src/gpio.c.obj
 .debug_ranges  0x00000060       0x20 CMakeFiles/Mysound.elf.dir/Core/Src/main.c.obj
 .debug_ranges  0x00000080       0x10 CMakeFiles/Mysound.elf.dir/Core/Src/stm32f1xx_hal_msp.c.obj
 .debug_ranges  0x00000090       0x50 CMakeFiles/Mysound.elf.dir/Core/Src/stm32f1xx_it.c.obj
 .debug_ranges  0x000000e0       0x18 CMakeFiles/Mysound.elf.dir/Core/Src/system_stm32f1xx.c.obj
 .debug_ranges  0x000000f8       0x28 CMakeFiles/Mysound.elf.dir/Core/Src/usart.c.obj
 .debug_ranges  0x00000120       0x20 CMakeFiles/Mysound.elf.dir/Core/Startup/startup_stm32f103zetx.s.obj
 .debug_ranges  0x00000140       0xd0 CMakeFiles/Mysound.elf.dir/Drivers/STM32F1xx_HAL_Driver/Src/stm32f1xx_hal.c.obj
 .debug_ranges  0x00000210       0xe0 CMakeFiles/Mysound.elf.dir/Drivers/STM32F1xx_HAL_Driver/Src/stm32f1xx_hal_cortex.c.obj
 .debug_ranges  0x000002f0       0x48 CMakeFiles/Mysound.elf.dir/Drivers/STM32F1xx_HAL_Driver/Src/stm32f1xx_hal_gpio.c.obj
 .debug_ranges  0x00000338       0xa0 CMakeFiles/Mysound.elf.dir/Drivers/STM32F1xx_HAL_Driver/Src/stm32f1xx_hal_rcc.c.obj
 .debug_ranges  0x000003d8      0x1f0 CMakeFiles/Mysound.elf.dir/Drivers/STM32F1xx_HAL_Driver/Src/stm32f1xx_hal_uart.c.obj

.debug_line     0x00000000     0x5327
 .debug_line    0x00000000      0x4e8 CMakeFiles/Mysound.elf.dir/Core/Src/JQ8X00.c.obj
 .debug_line    0x000004e8      0x269 CMakeFiles/Mysound.elf.dir/Core/Src/delay.c.obj
 .debug_line    0x00000751      0x157 CMakeFiles/Mysound.elf.dir/Core/Src/gpio.c.obj
 .debug_line    0x000008a8      0x311 CMakeFiles/Mysound.elf.dir/Core/Src/main.c.obj
 .debug_line    0x00000bb9      0x170 CMakeFiles/Mysound.elf.dir/Core/Src/stm32f1xx_hal_msp.c.obj
 .debug_line    0x00000d29      0x19d CMakeFiles/Mysound.elf.dir/Core/Src/stm32f1xx_it.c.obj
 .debug_line    0x00000ec6      0x23a CMakeFiles/Mysound.elf.dir/Core/Src/system_stm32f1xx.c.obj
 .debug_line    0x00001100      0x315 CMakeFiles/Mysound.elf.dir/Core/Src/usart.c.obj
 .debug_line    0x00001415       0x97 CMakeFiles/Mysound.elf.dir/Core/Startup/startup_stm32f103zetx.s.obj
 .debug_line    0x000014ac      0x548 CMakeFiles/Mysound.elf.dir/Drivers/STM32F1xx_HAL_Driver/Src/stm32f1xx_hal.c.obj
 .debug_line    0x000019f4      0x640 CMakeFiles/Mysound.elf.dir/Drivers/STM32F1xx_HAL_Driver/Src/stm32f1xx_hal_cortex.c.obj
 .debug_line    0x00002034      0x5fe CMakeFiles/Mysound.elf.dir/Drivers/STM32F1xx_HAL_Driver/Src/stm32f1xx_hal_gpio.c.obj
 .debug_line    0x00002632      0xc33 CMakeFiles/Mysound.elf.dir/Drivers/STM32F1xx_HAL_Driver/Src/stm32f1xx_hal_rcc.c.obj
 .debug_line    0x00003265     0x20c2 CMakeFiles/Mysound.elf.dir/Drivers/STM32F1xx_HAL_Driver/Src/stm32f1xx_hal_uart.c.obj

.debug_str      0x00000000     0x215c
 .debug_str     0x00000000      0x7b1 CMakeFiles/Mysound.elf.dir/Core/Src/JQ8X00.c.obj
                                0x862 (size before relaxing)
 .debug_str     0x000007b1       0xa4 CMakeFiles/Mysound.elf.dir/Core/Src/delay.c.obj
                                0x257 (size before relaxing)
 .debug_str     0x00000855       0x76 CMakeFiles/Mysound.elf.dir/Core/Src/gpio.c.obj
                                0x203 (size before relaxing)
 .debug_str     0x000008cb      0x1e5 CMakeFiles/Mysound.elf.dir/Core/Src/main.c.obj
                                0x49b (size before relaxing)
 .debug_str     0x00000ab0       0x6a CMakeFiles/Mysound.elf.dir/Core/Src/stm32f1xx_hal_msp.c.obj
                                0x23d (size before relaxing)
 .debug_str     0x00000b1a       0xc7 CMakeFiles/Mysound.elf.dir/Core/Src/stm32f1xx_it.c.obj
                                0x240 (size before relaxing)
 .debug_str     0x00000be1       0x8e CMakeFiles/Mysound.elf.dir/Core/Src/system_stm32f1xx.c.obj
                                0x272 (size before relaxing)
 .debug_str     0x00000c6f      0x499 CMakeFiles/Mysound.elf.dir/Core/Src/usart.c.obj
                                0xa7f (size before relaxing)
 .debug_str     0x00001108       0x46 CMakeFiles/Mysound.elf.dir/Core/Startup/startup_stm32f103zetx.s.obj
                                 0x6b (size before relaxing)
 .debug_str     0x0000114e      0x2f7 CMakeFiles/Mysound.elf.dir/Drivers/STM32F1xx_HAL_Driver/Src/stm32f1xx_hal.c.obj
                                0x926 (size before relaxing)
 .debug_str     0x00001445      0x38c CMakeFiles/Mysound.elf.dir/Drivers/STM32F1xx_HAL_Driver/Src/stm32f1xx_hal_cortex.c.obj
                                0x9d5 (size before relaxing)
 .debug_str     0x000017d1      0x158 CMakeFiles/Mysound.elf.dir/Drivers/STM32F1xx_HAL_Driver/Src/stm32f1xx_hal_gpio.c.obj
                                0x41e (size before relaxing)
 .debug_str     0x00001929      0x204 CMakeFiles/Mysound.elf.dir/Drivers/STM32F1xx_HAL_Driver/Src/stm32f1xx_hal_rcc.c.obj
                                0x649 (size before relaxing)
 .debug_str     0x00001b2d      0x62f CMakeFiles/Mysound.elf.dir/Drivers/STM32F1xx_HAL_Driver/Src/stm32f1xx_hal_uart.c.obj
                                0xcac (size before relaxing)

.comment        0x00000000       0x49
 .comment       0x00000000       0x49 CMakeFiles/Mysound.elf.dir/Core/Src/JQ8X00.c.obj
                                 0x4a (size before relaxing)
 .comment       0x00000049       0x4a CMakeFiles/Mysound.elf.dir/Core/Src/delay.c.obj
 .comment       0x00000049       0x4a CMakeFiles/Mysound.elf.dir/Core/Src/gpio.c.obj
 .comment       0x00000049       0x4a CMakeFiles/Mysound.elf.dir/Core/Src/main.c.obj
 .comment       0x00000049       0x4a CMakeFiles/Mysound.elf.dir/Core/Src/stm32f1xx_hal_msp.c.obj
 .comment       0x00000049       0x4a CMakeFiles/Mysound.elf.dir/Core/Src/stm32f1xx_it.c.obj
 .comment       0x00000049       0x4a CMakeFiles/Mysound.elf.dir/Core/Src/system_stm32f1xx.c.obj
 .comment       0x00000049       0x4a CMakeFiles/Mysound.elf.dir/Core/Src/usart.c.obj
 .comment       0x00000049       0x4a CMakeFiles/Mysound.elf.dir/Drivers/STM32F1xx_HAL_Driver/Src/stm32f1xx_hal.c.obj
 .comment       0x00000049       0x4a CMakeFiles/Mysound.elf.dir/Drivers/STM32F1xx_HAL_Driver/Src/stm32f1xx_hal_cortex.c.obj
 .comment       0x00000049       0x4a CMakeFiles/Mysound.elf.dir/Drivers/STM32F1xx_HAL_Driver/Src/stm32f1xx_hal_gpio.c.obj
 .comment       0x00000049       0x4a CMakeFiles/Mysound.elf.dir/Drivers/STM32F1xx_HAL_Driver/Src/stm32f1xx_hal_rcc.c.obj
 .comment       0x00000049       0x4a CMakeFiles/Mysound.elf.dir/Drivers/STM32F1xx_HAL_Driver/Src/stm32f1xx_hal_uart.c.obj

.debug_frame    0x00000000     0x1020
 .debug_frame   0x00000000       0x98 CMakeFiles/Mysound.elf.dir/Core/Src/JQ8X00.c.obj
 .debug_frame   0x00000098       0x60 CMakeFiles/Mysound.elf.dir/Core/Src/delay.c.obj
 .debug_frame   0x000000f8       0x28 CMakeFiles/Mysound.elf.dir/Core/Src/gpio.c.obj
 .debug_frame   0x00000120       0x5c CMakeFiles/Mysound.elf.dir/Core/Src/main.c.obj
 .debug_frame   0x0000017c       0x28 CMakeFiles/Mysound.elf.dir/Core/Src/stm32f1xx_hal_msp.c.obj
 .debug_frame   0x000001a4       0xa8 CMakeFiles/Mysound.elf.dir/Core/Src/stm32f1xx_it.c.obj
 .debug_frame   0x0000024c       0x30 CMakeFiles/Mysound.elf.dir/Core/Src/system_stm32f1xx.c.obj
 .debug_frame   0x0000027c       0x7c CMakeFiles/Mysound.elf.dir/Core/Src/usart.c.obj
 .debug_frame   0x000002f8      0x1cc CMakeFiles/Mysound.elf.dir/Drivers/STM32F1xx_HAL_Driver/Src/stm32f1xx_hal.c.obj
 .debug_frame   0x000004c4      0x118 CMakeFiles/Mysound.elf.dir/Drivers/STM32F1xx_HAL_Driver/Src/stm32f1xx_hal_cortex.c.obj
 .debug_frame   0x000005dc       0xe4 CMakeFiles/Mysound.elf.dir/Drivers/STM32F1xx_HAL_Driver/Src/stm32f1xx_hal_gpio.c.obj
 .debug_frame   0x000006c0      0x190 CMakeFiles/Mysound.elf.dir/Drivers/STM32F1xx_HAL_Driver/Src/stm32f1xx_hal_rcc.c.obj
 .debug_frame   0x00000850      0x5c4 CMakeFiles/Mysound.elf.dir/Drivers/STM32F1xx_HAL_Driver/Src/stm32f1xx_hal_uart.c.obj
 .debug_frame   0x00000e14       0x2c c:/mingw/gcc-arm-none-eabi-10.3-2021.10/bin/../lib/gcc/arm-none-eabi/10.3.1/../../../../arm-none-eabi/lib/thumb/v7-m/nofp\libg.a(lib_a-init.o)
 .debug_frame   0x00000e40       0x2c c:/mingw/gcc-arm-none-eabi-10.3-2021.10/bin/../lib/gcc/arm-none-eabi/10.3.1/../../../../arm-none-eabi/lib/thumb/v7-m/nofp\libg.a(lib_a-memset.o)
 .debug_frame   0x00000e6c       0x20 c:/mingw/gcc-arm-none-eabi-10.3-2021.10/bin/../lib/gcc/arm-none-eabi/10.3.1/../../../../arm-none-eabi/lib/thumb/v7-m/nofp\libg.a(lib_a-strlen-stub.o)
 .debug_frame   0x00000e8c       0x5c c:/mingw/gcc-arm-none-eabi-10.3-2021.10/bin/../lib/gcc/arm-none-eabi/10.3.1/../../../../arm-none-eabi/lib/thumb/v7-m/nofp\libg.a(lib_a-__call_atexit.o)
 .debug_frame   0x00000ee8       0x20 c:/mingw/gcc-arm-none-eabi-10.3-2021.10/bin/../lib/gcc/arm-none-eabi/10.3.1/../../../../arm-none-eabi/lib/thumb/v7-m/nofp\libg.a(lib_a-atexit.o)
 .debug_frame   0x00000f08       0x34 c:/mingw/gcc-arm-none-eabi-10.3-2021.10/bin/../lib/gcc/arm-none-eabi/10.3.1/../../../../arm-none-eabi/lib/thumb/v7-m/nofp\libg.a(lib_a-fini.o)
 .debug_frame   0x00000f3c       0xb0 c:/mingw/gcc-arm-none-eabi-10.3-2021.10/bin/../lib/gcc/arm-none-eabi/10.3.1/../../../../arm-none-eabi/lib/thumb/v7-m/nofp\libg.a(lib_a-lock.o)
 .debug_frame   0x00000fec       0x34 c:/mingw/gcc-arm-none-eabi-10.3-2021.10/bin/../lib/gcc/arm-none-eabi/10.3.1/../../../../arm-none-eabi/lib/thumb/v7-m/nofp\libg.a(lib_a-__atexit.o)
